moriyuka@moriyukanoMacBook-Air ~ % cd /Users/moriyuka/test
moriyuka@moriyukanoMacBook-Air test % mkdir "git_challenge"
moriyuka@moriyukanoMacBook-Air test % cd /Users/moriyuka/test/git_challenge
moriyuka@moriyukanoMacBook-Air git_challenge % git init
Initialized empty Git repository in /Users/moriyuka/test/git_challenge/.git/
moriyuka@moriyukanoMacBook-Air git_challenge % git add "hello_world.txt"
moriyuka@moriyukanoMacBook-Air git_challenge % git commit -m"hello_world.txtを追加"
[main (root-commit) 329c4d2] hello_world.txtを追加
 1 file changed, 1 insertion(+)
 create mode 100644 hello_world.txt
moriyuka@moriyukanoMacBook-Air git_challenge % git add "hello_world.txt"           
moriyuka@moriyukanoMacBook-Air git_challenge % git commit -m"日本語訳を追記"       
[main 8a86339] 日本語訳を追記
 1 file changed, 1 insertion(+)
moriyuka@moriyukanoMacBook-Air git_challenge % git log
commit 8a86339d21e89cfef4a2d199d0d7c70f4edca417 (HEAD -> main)
Author: toramike <dande100lion@gmail.com>
Date:   Wed Feb 28 15:31:00 2024 +0900

    日本語訳を追記

commit 329c4d28e933e9681fe2f32bb9d46d4c8d771f13
Author: toramike <dande100lion@gmail.com>
Date:   Wed Feb 28 15:30:02 2024 +0900

    hello_world.txtを追加
moriyuka@moriyukanoMacBook-Air git_challenge % git log --oneline
8a86339 (HEAD -> main) 日本語訳を追記
329c4d2 hello_world.txtを追加
moriyuka@moriyukanoMacBook-Air git_challenge % 